
  .   ____          _            __ _ _
 /\\ / ___'_ __ _ _(_)_ __  __ _ \ \ \ \
( ( )\___ | '_ | '_| | '_ \/ _` | \ \ \ \
 \\/  ___)| |_)| | | | | || (_| |  ) ) ) )
  '  |____| .__|_| |_|_| |_\__, | / / / /
 =========|_|==============|___/=/_/_/_/
 :: Spring Boot ::                (v3.2.2)

2026-08-23T23:10:24.966+08:00  INFO 12552 --- [cadence-api] [           main] com.cadence.api.ApiApplication           : Starting ApiApplication v1.0.0 using Java 21.0.8 with PID 12552 (D:\Cadence Project\Backend\target\api-1.0.0.jar started by Osborne in D:\Cadence Project\Backend)
2026-08-23T23:10:24.972+08:00  INFO 12552 --- [cadence-api] [           main] com.cadence.api.ApiApplication           : No active profile set, falling back to 1 default profile: "default"
2026-08-23T23:10:26.432+08:00  INFO 12552 --- [cadence-api] [           main] .s.d.r.c.RepositoryConfigurationDelegate : Bootstrapping Spring Data JPA repositories in DEFAULT mode.
2026-08-23T23:10:26.556+08:00  INFO 12552 --- [cadence-api] [           main] .s.d.r.c.RepositoryConfigurationDelegate : Finished Spring Data repository scanning in 109 ms. Found 7 JPA repository interfaces.
2026-08-23T23:10:27.728+08:00  INFO 12552 --- [cadence-api] [           main] o.s.b.w.embedded.tomcat.TomcatWebServer  : Tomcat initialized with port 8080 (http)
2026-08-23T23:10:27.756+08:00  INFO 12552 --- [cadence-api] [           main] o.apache.catalina.core.StandardService   : Starting service [Tomcat]
2026-08-23T23:10:27.758+08:00  INFO 12552 --- [cadence-api] [           main] o.apache.catalina.core.StandardEngine    : Starting Servlet engine: [Apache Tomcat/10.1.18]
2026-08-23T23:10:27.832+08:00  INFO 12552 --- [cadence-api] [           main] o.a.c.c.C.[Tomcat].[localhost].[/]       : Initializing Spring embedded WebApplicationContext
2026-08-23T23:10:27.836+08:00  INFO 12552 --- [cadence-api] [           main] w.s.c.ServletWebServerApplicationContext : Root WebApplicationContext: initialization completed in 2729 ms
2026-08-23T23:10:27.901+08:00  INFO 12552 --- [cadence-api] [           main] com.zaxxer.hikari.HikariDataSource       : HikariPool-1 - Starting...
2026-08-23T23:10:28.374+08:00  INFO 12552 --- [cadence-api] [           main] com.zaxxer.hikari.pool.HikariPool        : HikariPool-1 - Added connection conn0: url=jdbc:h2:file:./data/cadence user=SA
2026-08-23T23:10:28.392+08:00  INFO 12552 --- [cadence-api] [           main] com.zaxxer.hikari.HikariDataSource       : HikariPool-1 - Start completed.
2026-08-23T23:10:28.412+08:00  INFO 12552 --- [cadence-api] [           main] o.s.b.a.h2.H2ConsoleAutoConfiguration    : H2 console available at '/h2-console'. Database available at 'jdbc:h2:file:./data/cadence'
2026-08-23T23:10:28.673+08:00  INFO 12552 --- [cadence-api] [           main] o.hibernate.jpa.internal.util.LogHelper  : HHH000204: Processing PersistenceUnitInfo [name: default]
2026-08-23T23:10:28.811+08:00  INFO 12552 --- [cadence-api] [           main] org.hibernate.Version                    : HHH000412: Hibernate ORM core version 6.4.1.Final
2026-08-23T23:10:28.899+08:00  INFO 12552 --- [cadence-api] [           main] o.h.c.internal.RegionFactoryInitiator    : HHH000026: Second-level cache disabled
2026-08-23T23:10:29.437+08:00  INFO 12552 --- [cadence-api] [           main] o.s.o.j.p.SpringPersistenceUnitInfo      : No LoadTimeWeaver setup: ignoring JPA class transformer
2026-08-23T23:10:31.402+08:00  INFO 12552 --- [cadence-api] [           main] o.h.e.t.j.p.i.JtaPlatformInitiator       : HHH000489: No JTA platform available (set 'hibernate.transaction.jta.platform' to enable JTA platform integration)
2026-08-23T23:10:31.552+08:00  INFO 12552 --- [cadence-api] [           main] j.LocalContainerEntityManagerFactoryBean : Initialized JPA EntityManagerFactory for persistence unit 'default'
2026-08-23T23:10:32.582+08:00  INFO 12552 --- [cadence-api] [           main] o.s.d.j.r.query.QueryEnhancerFactory     : Hibernate is in classpath; If applicable, HQL parser will be used.
2026-08-23T23:10:33.644+08:00  WARN 12552 --- [cadence-api] [           main] .s.s.UserDetailsServiceAutoConfiguration : 

Using generated security password: c1499233-ae2a-45c8-acd9-e123b521e076

This generated password is for development use only. Your security configuration must be updated before running your application in production.

2026-08-23T23:10:33.857+08:00  INFO 12552 --- [cadence-api] [           main] o.s.b.a.w.s.WelcomePageHandlerMapping    : Adding welcome page: class path resource [static/index.html]
2026-08-23T23:10:34.155+08:00  INFO 12552 --- [cadence-api] [           main] o.s.s.web.DefaultSecurityFilterChain     : Will secure any request with [org.springframework.security.web.session.DisableEncodeUrlFilter@31a1b37b, org.springframework.security.web.context.request.async.WebAsyncManagerIntegrationFilter@640c2749, org.springframework.security.web.context.SecurityContextHolderFilter@18247d9b, org.springframework.security.web.header.HeaderWriterFilter@9588bd8, org.springframework.web.filter.CorsFilter@57ab7b32, org.springframework.security.web.authentication.logout.LogoutFilter@38ebf8dc, com.cadence.api.security.JwtAuthFilter@65b7678a, org.springframework.security.web.savedrequest.RequestCacheAwareFilter@20307cb9, org.springframework.security.web.servletapi.SecurityContextHolderAwareRequestFilter@19a2b224, org.springframework.security.web.authentication.AnonymousAuthenticationFilter@6285027a, org.springframework.security.web.session.SessionManagementFilter@3f9e38d4, org.springframework.security.web.access.ExceptionTranslationFilter@1ff584d7, org.springframework.security.web.access.intercept.AuthorizationFilter@1a35343e]
2026-08-23T23:10:34.541+08:00  INFO 12552 --- [cadence-api] [           main] o.s.b.w.embedded.tomcat.TomcatWebServer  : Tomcat started on port 8080 (http) with context path ''
2026-08-23T23:10:34.577+08:00  INFO 12552 --- [cadence-api] [           main] com.cadence.api.ApiApplication           : Started ApiApplication in 10.569 seconds (process running for 11.627)
2026-08-23T23:10:34.971+08:00  INFO 12552 --- [cadence-api] [           main] c.cadence.api.config.StartupInitializer  : Cadence API ready - default admin available at POST /api/auth/login
2026-08-23T23:10:38.022+08:00  INFO 12552 --- [cadence-api] [nio-8080-exec-1] o.a.c.c.C.[Tomcat].[localhost].[/]       : Initializing Spring DispatcherServlet 'dispatcherServlet'
2026-08-23T23:10:38.022+08:00  INFO 12552 --- [cadence-api] [nio-8080-exec-1] o.s.web.servlet.DispatcherServlet        : Initializing Servlet 'dispatcherServlet'
2026-08-23T23:10:38.028+08:00  INFO 12552 --- [cadence-api] [nio-8080-exec-1] o.s.web.servlet.DispatcherServlet        : Completed initialization in 6 ms
